0000000000000000 b .bss
0000000000000000 d .data
0000000000000000 N .debug_abbrev
0000000000000000 N .debug_info
0000000000000000 N .debug_line
0000000000000000 N .debug_line_str
0000000000000000 N .debug_str
0000000000000000 r .rodata
0000000000000000 t .text
0000000000000004 C common_symbol
000000000000003d T force_local_references
0000000000000004 C global_bss
0000000000000000 D global_data
0000000000000000 T global_function
0000000000000000 R global_rodata
0000000000000021 t ifunc_implementation
000000000000002c t ifunc_resolver
000000000000002c i indirect_function
0000000000000000 b local_bss
0000000000000004 d local_data
000000000000000b t local_function
0000000000000004 r local_rodata
0000000000000000 a symbol_types.c
                 U undefined_function
                 U undefined_object
0000000000000000 D undefined_references
0000000000000016 W weak_defined_function
0000000000000008 V weak_defined_object
                 w weak_undefined_function
                 w weak_undefined_object
0000000000000010 D weak_undefined_references
