000000000000400c b completed.0
                 w __cxa_finalize
0000000000001040 t deregister_tm_clones
00000000000010b0 t __do_global_dtors_aux
0000000000003e68 d __do_global_dtors_aux_fini_array_entry
0000000000004000 d __dso_handle
0000000000003e70 d _DYNAMIC
000000000000111c t _fini
00000000000010f0 t frame_dummy
0000000000003e60 d __frame_dummy_init_array_entry
00000000000020a0 r __FRAME_END__
0000000000003fe8 d _GLOBAL_OFFSET_TABLE_
                 w __gmon_start__
0000000000002000 r __GNU_EH_FRAME_HDR
0000000000001000 t _init
                 w _ITM_deregisterTMCloneTable
                 w _ITM_registerTMCloneTable
0000000000001070 t register_tm_clones
00000000000010f9 T shared_add
0000000000004010 B shared_bss
0000000000004008 D shared_data
0000000000004010 d __TMC_END__
