00000000004020e8 r __abi_tag
0000000000404014 B __bss_start
0000000000404014 b completed.0
0000000000404000 D __data_start
0000000000404000 W data_start
0000000000401060 t deregister_tm_clones
0000000000401050 T _dl_relocate_static_pie
00000000004010d0 t __do_global_dtors_aux
0000000000403e40 d __do_global_dtors_aux_fini_array_entry
0000000000404008 D __dso_handle
0000000000403e48 d _DYNAMIC
0000000000404014 D _edata
0000000000404020 B _end
0000000000404018 B executable_bss
0000000000404010 D executable_data
0000000000401138 T _fini
0000000000401100 t frame_dummy
0000000000403e38 d __frame_dummy_init_array_entry
00000000004020b0 r __FRAME_END__
0000000000403fe8 d _GLOBAL_OFFSET_TABLE_
                 w __gmon_start__
0000000000402004 r __GNU_EH_FRAME_HDR
0000000000401106 t helper
0000000000401000 T _init
0000000000402000 R _IO_stdin_used
                 U __libc_start_main@GLIBC_2.34
000000000040111e T main
0000000000401090 t register_tm_clones
0000000000401020 T _start
0000000000404018 D __TMC_END__
